nohup: ignoring input
Configuration file: /home/daitran/code/daitranskku/_config.yml
            Source: /home/daitran/code/daitranskku
       Destination: /home/daitran/code/daitranskku/_site
 Incremental build: disabled. Enable with --incremental
      Generating... 
/usr/lib/ruby/vendor_ruby/jekyll/convertible.rb:41: warning: Using the last argument as keyword parameters is deprecated
/usr/lib/ruby/vendor_ruby/jekyll/convertible.rb:41: warning: Using the last argument as keyword parameters is deprecated
/usr/lib/ruby/vendor_ruby/jekyll/convertible.rb:41: warning: Using the last argument as keyword parameters is deprecated
/usr/lib/ruby/vendor_ruby/jekyll/convertible.rb:41: warning: Using the last argument as keyword parameters is deprecated
/usr/lib/ruby/vendor_ruby/jekyll/convertible.rb:41: warning: Using the last argument as keyword parameters is deprecated
/usr/lib/ruby/vendor_ruby/jekyll/convertible.rb:41: warning: Using the last argument as keyword parameters is deprecated
/usr/lib/ruby/vendor_ruby/jekyll/convertible.rb:41: warning: Using the last argument as keyword parameters is deprecated
/usr/lib/ruby/vendor_ruby/jekyll/convertible.rb:41: warning: Using the last argument as keyword parameters is deprecated
       Jekyll Feed: Generating feed for posts
/usr/lib/ruby/vendor_ruby/jekyll/tags/include.rb:194: warning: Using the last argument as keyword parameters is deprecated
/usr/lib/ruby/vendor_ruby/jekyll/tags/include.rb:194: warning: Using the last argument as keyword parameters is deprecated
/usr/lib/ruby/vendor_ruby/jekyll/tags/include.rb:194: warning: Using the last argument as keyword parameters is deprecated
/usr/lib/ruby/vendor_ruby/jekyll/tags/include.rb:194: warning: Using the last argument as keyword parameters is deprecated
/usr/lib/ruby/vendor_ruby/jekyll/tags/include.rb:194: warning: Using the last argument as keyword parameters is deprecated
/usr/lib/ruby/vendor_ruby/jekyll/tags/include.rb:194: warning: Using the last argument as keyword parameters is deprecated
[33m     Build Warning: Layout 'page' requested in projects.md does not exist.[0m
/usr/lib/ruby/vendor_ruby/jekyll/tags/include.rb:194: warning: Using the last argument as keyword parameters is deprecated
/usr/lib/ruby/vendor_ruby/jekyll/tags/include.rb:194: warning: Using the last argument as keyword parameters is deprecated
